f -> (Map x = a, "b" = null)
x -> ((String))
g -> ((Map _ => f)) // immutable wrapper, no field name
